Starting a Gradle Daemon, 4 stopped Daemons could not be reused, use --status for details

[Incubating] Problems report is available at: file:///C:/mc_modding/ForgeDevEnv/build/reports/problems/problems-report.html
.\gradlew : 
所在位置 行:1 字符: 1
+ .\gradlew build -x test 2>&1 | Tee-Object -FilePath build_output.log
+ ~~~~~~~~~~~~~~~~~~~~~~~~~~~~
    + CategoryInfo          : NotSpecified: (:String) [], RemoteException
    + FullyQualifiedErrorId : NativeCommandError
 
FAILURE: Build failed with an exception.

* Where:
Build file 'C:\mc_modding\ForgeDevEnv\build.gradle' line: 46

* What went wrong:
A problem occurred evaluating root project 'ForgeDevEnv'.
> Could not set unknown property 'archivesBaseName' for root project 'ForgeDevEnv' of type org.gradle.api.P
roject.

* Try:
> Run with --stacktrace option to get the stack trace.
> Run with --info or --debug option to get more log output.
> Run with --scan to generate a Build Scan (powered by Develocity).
> Get more help at https://help.gradle.org.

Deprecated Gradle features were used in this build, making it incompatible with Gradle 10.

You can use '--warning-mode all' to show the individual deprecation warnings and determine if they come from your own scripts or plugins.

For more on this, please refer to https://docs.gradle.org/9.2.1/userguide/command_line_interface.html#sec:command_line_warnings in the Gradle documentation.

BUILD FAILED in 20s
